[  1/124] Albany Med Health System Program           hp=Y links=1
[  2/124] Allegheny Health Network Medical Educati   hp=Y links=8
[  3/124] Carolinas Medical Center Program           hp=Y links=8
[  4/124] Beth Israel Deaconess Medical Center Pro   hp=Y links=2
[  5/124] Cleveland Clinic Foundation/Florida West   hp=Y links=1
[  6/124] Cleveland Clinic Foundation Program        hp=Y links=1
[  7/124] Ascension St. Vincent Hospital Program     hp=N links=0
[  8/124] Carilion Clinic- Virginia Tech Carilion    hp=Y links=2
[  9/124] Dartmouth- Hitchcock/Mary Hitchcock Memo   hp=Y links=4
[ 10/124] Corewell Health/William Beaumont Univers   hp=Y links=4
[ 11/124] Cooper Medical School of Rowan Universit   hp=Y links=8
[ 12/124] Barrow Neurological Institute at St Jose   hp=Y links=8
[ 13/124] Duke University Hospital Program           hp=Y links=2
[ 14/124] Baylor College of Medicine Program         hp=Y links=8
[ 15/124] Hackensack Meridian Health Program         hp=N links=0
[ 16/124] George Washington University Program       hp=Y links=1
[ 17/124] Clinical Center at the National Institut   hp=N links=0
[ 18/124] Emory University School of Medicine Prog   hp=Y links=2
[ 19/124] Case Western Reserve University/Universi   hp=N links=0
[ 20/124] Indiana University School of Medicine Pr   hp=Y links=5
[ 21/124] Geisinger Health System Program            hp=Y links=1
[ 22/124] Corewell Health – Grand Rapids/Michigan    hp=Y links=1
[ 23/124] Inova Fairfax Hospital Campus Program      hp=Y links=2
[ 24/124] Johns Hopkins University Program           hp=N links=0
[ 25/124] Louisiana State University School of Med   hp=Y links=1
[ 26/124] Icahn School of Medicine at Mount Sinai    hp=N links=0
[ 27/124] MaineHealth Program                        hp=N links=0
[ 28/124] Houston Methodist Hospital (Medical Cent   hp=N links=0
[ 29/124] Loyola University Medical Center Program   hp=Y links=0
[ 30/124] Louisiana State University (Shreveport)    hp=Y links=5
[ 31/124] Loma Linda University Health Education C   hp=Y links=1
[ 32/124] McGaw Medical Center of Northwestern Uni   hp=Y links=1
[ 33/124] Mayo Clinic College of Medicine and Scie   hp=Y links=0
[ 34/124] Mayo Clinic College of Medicine and Scie   hp=Y links=0
[ 35/124] Medical College of Wisconsin Affiliated    hp=Y links=7
[ 36/124] Mayo Clinic College of Medicine and Scie   hp=N links=0
[ 37/124] MedStar Health Georgetown University Pro   hp=N links=0
[ 38/124] Medical College of Georgia Program         hp=N links=0
[ 39/124] Medical University of South Carolina Pro   hp=Y links=2
[ 40/124] New York Presbyterian Hospital (Columbia   hp=Y links=2
[ 41/124] Mass General Brigham                       hp=Y links=0
[ 42/124] Oregon Health & Science University (OHSU   hp=Y links=3
[ 43/124] New York Presbyterian Hospital (Cornell    hp=Y links=1
[ 44/124] Montefiore Medical Center/Albert Einstei   hp=Y links=1
[ 45/124] Cedars-Sinai Medical Center Program        hp=Y links=0
[ 46/124] Ohio State University Hospital Program     hp=Y links=2
[ 47/124] Penn State Milton S Hershey Medical Cent   hp=Y links=7
[ 48/124] Sidney Kimmel Medical College at Thomas    hp=Y links=6
[ 49/124] Rush University Medical Center Program     hp=Y links=7
[ 50/124] National Capital Consortium Program        hp=Y links=1
[ 51/124] Rutgers Health/New Jersey Medical School   hp=Y links=4
[ 52/124] Stony Brook Medicine Program               hp=Y links=1
[ 53/124] SUNY Upstate Medical University Program    hp=N links=0
[ 54/124] Stanford Health Care-Sponsored Stanford    hp=Y links=5
[ 55/124] Temple University Hospital Program         hp=N links=0
[ 56/124] NYU Grossman School of Medicine Program    hp=Y links=8
[ 57/124] Rhode Island Hospital/Brown University H   hp=Y links=0
[ 58/124] Tulane University/Ochsner Clinic Foundat   hp=Y links=1
[ 59/124] UCLA David Geffen School of Medicine/UCL   hp=Y links=2
[ 60/124] Tufts Medical Center Program               hp=N links=0
[ 61/124] Riverside University Health System Progr   hp=Y links=1
[ 62/124] University at Buffalo Program              hp=Y links=3
[ 63/124] University of Arizona College of Medicin   hp=Y links=5
[ 64/124] University of Alabama Hospital (Birmingh   hp=Y links=2
[ 65/124] Southern Illinois University School of M   hp=Y links=0
[ 66/124] University of California (San Francisco)   hp=Y links=1
[ 67/124] University of California (San Diego) Med   hp=Y links=1
[ 68/124] SSM Health/Saint Louis University School   hp=Y links=1
[ 69/124] University of Arkansas for Medical Scien   hp=Y links=7
[ 70/124] University of California Davis Health Pr   hp=Y links=3
[ 71/124] University of Arizona College of Medicin   hp=Y links=0
[ 72/124] University of California (Irvine) Progra   hp=Y links=8
[ 73/124] University of Florida Program              hp=Y links=8
[ 74/124] University of Illinois College of Medici   hp=Y links=7
[ 75/124] University of Connecticut School of Medi   hp=Y links=0
[ 76/124] University of Kansas School of Medicine    hp=Y links=3
[ 77/124] University of Illinois College of Medici   hp=Y links=1
[ 78/124] University of Colorado Program             hp=Y links=1
[ 79/124] University of Kentucky College of Medici   hp=Y links=6
[ 80/124] University of Maryland Program             hp=Y links=4
[ 81/124] University of Michigan Program             hp=N links=0
[ 82/124] University of Iowa Health Care Medical C   hp=Y links=4
[ 83/124] University of Miami/Jackson Health Syste   hp=Y links=8
[ 84/124] University of Louisville School of Medic   hp=Y links=0
[ 85/124] University of Chicago Program              hp=Y links=0
[ 86/124] University of Minnesota Program            hp=Y links=4
[ 87/124] University of Mississippi Medical Center   hp=Y links=3
[ 88/124] University of Missouri-Columbia Program    hp=Y links=1
[ 89/124] University of Pennsylvania Health System   hp=N links=0
[ 90/124] University of North Carolina Hospitals P   hp=Y links=3
[ 91/124] University of New Mexico School of Medic   hp=Y links=3
[ 92/124] University of Nebraska Medical Center Co   hp=Y links=2
[ 93/124] University of South Florida Morsani Prog   hp=Y links=1
[ 94/124] University of Oklahoma Health Sciences C   hp=Y links=8
[ 95/124] University of Southern California/Los An   hp=Y links=2
[ 96/124] University of Rochester Medicine Program   hp=Y links=5
[ 97/124] University of Texas at Austin Dell Medic   hp=Y links=6
[ 98/124] University of Texas Health Science Cente   hp=Y links=1
[ 99/124] University of Texas Southwestern Medical   hp=Y links=1
[100/124] University of Tennessee College of Medic   hp=Y links=1
[101/124] University of Texas Health Science Cente   hp=Y links=2
[102/124] University of Puerto Rico School of Medi   hp=Y links=1
[103/124] University of Texas Medical Branch Hospi   hp=Y links=2
[104/124] University of Washington Program           hp=Y links=4
[105/124] University of Virginia Medical Center Pr   hp=N links=0
[106/124] University of Vermont Medical Center Pro   hp=N links=0
[107/124] University of Utah Health Program          hp=Y links=4
[108/124] Vanderbilt University Medical Center Pro   hp=Y links=5
[109/124] Washington University/B-JH/SLCH Consorti   hp=Y links=2
[110/124] UPMC Medical Education Program             hp=Y links=2
[111/124] Virginia Commonwealth University Health    hp=Y links=2
[112/124] Yale-New Haven Medical Center Program      hp=Y links=6
[113/124] Westchester Medical Center Program         hp=Y links=8
[114/124] Zucker School of Medicine at Hofstra/Nor   hp=Y links=8
[115/124] West Virginia University Program           hp=Y links=8
[116/124] Wake Forest University Baptist Medical C   hp=Y links=0
[117/124] University of Wisconsin Hospitals and Cl   hp=Y links=3
[118/124] Baylor Scott & White Medical Center - Ba   hp=N links=0
[119/124] Mass General Brigham/Brigham and Women's   hp=Y links=0
[120/124] University of Cincinnati Medical Center/   hp=N links=0
[121/124] University of Missouri-Kansas City Schoo   hp=N links=0
[122/124] Henry Ford Providence Hospital Program ©   hp=N links=0
[123/124] Henry Ford Health/Henry Ford Hospital Pr   hp=Y links=0
[124/124] UMass Chan Medical School Program          hp=Y links=0

programs with >=1 live roster link: 87/124
rows inserted: 309
roster links: 140
alumni links: 169
