crawling news sections for 87 programs
[  7/87] Barrow Neurological Institute at St Jo   posts= 1 {'graduation': 1}
[ 15/87] ...
[ 28/87] Penn State Milton S Hershey Medical Ce   posts= 2 {'match': 2}
[ 30/87] ...
[ 31/87] Rush University Medical Center Program   posts= 2 {'match': 2}
[ 45/87] ...
[ 51/87] Louisiana State University (Shreveport   posts=20 {'graduation': 20}
[ 60/87] University of Kentucky College of Medi   posts= 4 {'graduation': 2, 'match': 2}
[ 64/87] University of South Florida Morsani Pr   posts= 1 {'graduation': 1}
[ 67/87] University of Southern California/Los    posts= 1 {'match': 1}
[ 69/87] University of Rochester Medicine Progr   posts= 5 {'graduation': 5}
[ 70/87] University of Texas at Austin Dell Med   posts= 1 {'match': 1}
[ 75/87] ...
[ 76/87] Washington University/B-JH/SLCH Consor   posts= 1 {'graduation': 1}
[ 85/87] Allegheny Health Network Medical Educa   posts= 6 {'graduation': 6}
[ 86/87] University of Mississippi Medical Cent   posts= 4 {'graduation': 4}

=== stored 21 announcements, 157 named people ===
by type:
   graduation: 15
   match: 6
programs with >=1 match event : 5
programs with >=1 grad event  : 8
event years: [(2021, 1), (2022, 1), (2023, 1), (2024, 1), (2025, 3), (2026, 13)]
