reading sitemaps for 87 programs
[  2/87] Carilion Clinic- Virginia Tech Caril     1 candidate urls
[  3/87] Allegheny Health Network Medical Edu    12 candidate urls
[  4/87] Cooper Medical School of Rowan Unive    17 candidate urls
[  5/87] Carolinas Medical Center Program        11 candidate urls
[  7/87] Duke University Hospital Program        16 candidate urls
[ 10/87] Corewell Health/William Beaumont Uni     6 candidate urls
[ 12/87] Albany Med Health System Program         1 candidate urls
[ 16/87] Indiana University School of Medicin     2 candidate urls
[ 20/87] New York Presbyterian Hospital (Colu    22 candidate urls
[ 24/87] Ohio State University Hospital Progr     1 candidate urls
[ 26/87] NYU Grossman School of Medicine Prog     2 candidate urls
[ 29/87] Inova Fairfax Hospital Campus Progra     1 candidate urls
[ 32/87] Stony Brook Medicine Program             1 candidate urls
[ 35/87] Barrow Neurological Institute at St      2 candidate urls
[ 37/87] University of Arizona College of Med     1 candidate urls
[ 42/87] Oregon Health & Science University (     1 candidate urls
[ 44/87] Rush University Medical Center Progr    16 candidate urls
[ 47/87] Baylor College of Medicine Program       1 candidate urls
[ 50/87] University of Iowa Health Care Medic     2 candidate urls
[ 52/87] University of California Davis Healt     1 candidate urls
[ 59/87] University of Minnesota Program         23 candidate urls
[ 61/87] Cleveland Clinic Foundation Program      4 candidate urls
[ 62/87] Cleveland Clinic Foundation/Florida      4 candidate urls
[ 63/87] University of Kansas School of Medic     8 candidate urls
[ 64/87] University of Texas at Austin Dell M     1 candidate urls
[ 67/87] UCLA David Geffen School of Medicine     7 candidate urls
[ 68/87] University of Tennessee College of M     2 candidate urls
[ 73/87] UPMC Medical Education Program          15 candidate urls
[ 74/87] Virginia Commonwealth University Hea     1 candidate urls
[ 78/87] University of Rochester Medicine Pro    20 candidate urls
[ 80/87] Westchester Medical Center Program       1 candidate urls
[ 82/87] Washington University/B-JH/SLCH Cons    25 candidate urls
[ 83/87] Yale-New Haven Medical Center Progra     3 candidate urls
[ 85/87] University of Wisconsin Hospitals an     5 candidate urls

=== 236 announcement URLs found across 34 programs ===
   Washington University/B-JH/SLC   25
   University of Minnesota Progra   23
   New York Presbyterian Hospital   22
   University of Rochester Medici   20
   Cooper Medical School of Rowan   17
   Rush University Medical Center   16
   Duke University Hospital Progr   16
   UPMC Medical Education Program   15
   Allegheny Health Network Medic   12
   Carolinas Medical Center Progr   11
   University of Kansas School of   8
   UCLA David Geffen School of Me   7
