26 distinct roster names for program 60

name                     span        compl     rows
----------------------------------------------------------------------------------------------------
Catherine McClung-Smith  -           no matching residency row Fell 2015-2016 SSM Health/Saint Louis Uni; Resi 2009-2015 
Doug Snyder              -           no profile
El Tecle                 -           no profile
Georgios Alexopoulos     -           no profile
Hekmat Zarzour           2012-2016   no        Resi 2013-2016 SSM Health/Saint Louis Uni; Resi 2012-2013 
Jakob Hockman            -           no profile
Joanna Kemp              2009-2016   yes       Fell 2016-2017 SSM Health/Saint Louis Uni; Resi 2009-2016 
Jonathan Lebovitz        -           no profile
Jonathon Lebovitz        2011-2018   yes       Fell 2018-2019 SSM Health/Saint Louis Uni; Resi 2011-2018 
Jorge F. Urquiaga        -           no profile
Luis Romero              -           no profile
Maheen Khan              -           no profile
Matt Pierson             2013-2019   probable  Fell 2019-2020 SSM Health/Saint Louis Uni; Resi 2013-2019 
Matthew Pierson          -           unverified
Mayur Patel              -           unverified
Michael Fiorino          -           no profile
Michael Prim             -           no profile
Muhammad Kandel          -           no profile
Nabiha Quadri            -           no profile
Najib El Tecle           -           no profile
Nicholas Musgrave        -           no matching residency row Resi 2021-2028 Ohio State University Coll
Paul Birinyi             -           no matching residency row Fell 2017-2018 SSM Health/Saint Louis Uni
Raghu Sampath            -           no profile
Ryan T. Cleary           -           unverified
Sarah Zwick              -           no profile
Vin Mathur               -           no matching residency row Resi 2013-2020 University of Missouri-Col; Resi 2006-2007 
