26 distinct roster names for program 60

name                     span        compl     rows
----------------------------------------------------------------------------------------------------
Catherine McClung-Smith  2009-2015   probable  Fell 2015-2016 University of Colorado Sch; Resi 2009-2015 
Doug Snyder              -           no profile
El Tecle                 -           no profile
Georgios Alexopoulos     2018-2024   probable  Resi 2018-2024 SSM Health/Saint Louis Uni; Fell 2017-2018 
Hekmat Zarzour           2012-2013   no        Resi 2013-2016 Icahn School of Medicine a; Resi 2012-2013 
Jakob Hockman            -           no profile
Joanna Kemp              2009-2016   yes       Fell 2016-2017 University of California (; Resi 2009-2016 
Jonathan Lebovitz        -           no profile
Jonathon Lebovitz        2011-2018   yes       Fell 2018-2019 Sidney Kimmel Medical Coll; Resi 2011-2018 
Jorge F. Urquiaga        -           no profile
Luis Romero              -           no profile
Maheen Khan              -           no profile
Matt Pierson             2013-2019   probable  Fell 2019-2020 St Louis University School; Resi 2013-2019 
Matthew Pierson          -           unverified
Mayur Patel              -           unverified
Michael Fiorino          -           no profile
Michael Prim             -           no profile
Muhammad Kandel          -           no profile
Nabiha Quadri            -           no profile
Najib El Tecle           -           no profile
Nicholas Musgrave        2021-2028   yes       Resi 2021-2028 SSM Health/Saint Louis Uni
Paul Birinyi             2010-2017   yes       Fell 2017-2018 University of Tennessee; Resi 2010-2017 SSM
Raghu Sampath            -           no profile
Ryan T. Cleary           -           unverified
Sarah Zwick              -           no profile
Vin Mathur               2013-2020   yes       Resi 2013-2020 SSM Health/Saint Louis Uni; Resi 2006-2007 
